object(ExtResponse)#3 (6) {
  ["version":protected]=>
  string(3) "1.1"
  ["status":protected]=>
  int(200)
  ["headers":protected]=>
  array(0) {
  }
  ["cookies":protected]=>
  array(0) {
  }
  ["content":protected]=>
  NULL
  ["headerCallback":protected]=>
  NULL
}
array(0) {
}