string(16) "RuntimeException"
string(43) "SapiUpload::$noSuchProperty does not exist."