string(0) ""
NULL
string(0) ""
NULL
string(1) "/"
NULL
string(0) ""
NULL
string(5) "text/"
NULL
string(10) "text/plain"
NULL
string(10) "text/plain"
string(5) "utf-8"
string(10) "text/plain"
NULL
string(10) "text/plain"
string(5) "utf-8"
string(12) "image/x-tiff"
NULL